components/BookingSummary.tsx(2,10): error TS2459: Module '"../services/sqliteStore"' declares 'BookingPolicy' locally, but it is not exported.
components/ChannelDetailsModal.tsx(83,34): error TS2304: Cannot find name 'ShieldAlert'.
components/ChannelDetailsModal.tsx(98,38): error TS2304: Cannot find name 'RefreshCw'.
components/CreateBookingModal.tsx(6,10): error TS2305: Module '"../services/sqliteStore"' has no exported member 'useStore'.
components/HoldTimerBanner.tsx(3,10): error TS2305: Module '"../services/sqliteStore"' has no exported member 'useStore'.
components/MaintenanceIssueDetail.tsx(194,37): error TS2322: Type 'string' is not assignable to type 'boolean'.
components/QuickWebWizard.tsx(128,17): error TS2322: Type '{ min_stay: number; max_stay: number; }' is not assignable to type 'string'.
pages/Cleaning.tsx(38,27): error TS2554: Expected 1 arguments, but got 0.
pages/Cleaning.tsx(67,27): error TS2554: Expected 1 arguments, but got 0.
pages/Cleaning.tsx(201,18): error TS2304: Cannot find name 'MaintenanceIssueDetail'.
pages/Communications.tsx(117,62): error TS2554: Expected 0 arguments, but got 1.
pages/RescueMode.tsx(14,38): error TS2551: Property 'createNewProject' does not exist on type 'ProjectManager'. Did you mean 'createDemoProject'?
services/webImporter.ts(141,9): error TS2322: Type '{ primary_color: string; }' is not assignable to type 'string'.
services/webImporter.ts(145,9): error TS2322: Type '{}' is not assignable to type 'string'.
src/pages/WebsiteBuilder.tsx(11,30): error TS2307: Cannot find module '@/modules/webBuilder/types' or its corresponding type declarations.
src/pages/WebsiteBuilder.tsx(12,40): error TS2307: Cannot find module '@/modules/webBuilder/defaults' or its corresponding type declarations.
src/pages/WebsiteBuilder.tsx(13,60): error TS2307: Cannot find module '@/modules/webBuilder/adapters' or its corresponding type declarations.
src/pages/WebsiteBuilder.tsx(14,71): error TS2307: Cannot find module '@/modules/webBuilder/api' or its corresponding type declarations.
src/pages/WebsiteBuilder.tsx(15,31): error TS2307: Cannot find module '@/modules/webBuilder/slug' or its corresponding type declarations.
src/pages/WebsiteBuilder.tsx(18,31): error TS2307: Cannot find module '@/modules/webBuilder/components/BuilderHeader' or its corresponding type declarations.
src/pages/WebsiteBuilder.tsx(19,29): error TS2307: Cannot find module '@/modules/webBuilder/components/LivePreview' or its corresponding type declarations.
vitest.config.ts(6,15): error TS2769: No overload matches this call.
  The last overload gave the following error.
    Type 'Plugin<any>[]' is not assignable to type 'PluginOption'.
      Type 'Plugin<any>[]' is not assignable to type 'PluginOption[]'.
        Type 'Plugin<any>' is not assignable to type 'PluginOption'.
          Type 'import("/Users/tonigutierrez/Desktop/rentikpro funciona/node_modules/vite/dist/node/index").Plugin<any>' is not assignable to type 'import("/Users/tonigutierrez/Desktop/rentikpro funciona/node_modules/vitest/node_modules/vite/dist/node/index").Plugin<any>'.
            Types of property 'apply' are incompatible.
              Type '"build" | "serve" | ((this: void, config: import("/Users/tonigutierrez/Desktop/rentikpro funciona/node_modules/vite/dist/node/index").UserConfig, env: import("/Users/tonigutierrez/Desktop/rentikpro funciona/node_modules/vite/dist/node/index").ConfigEnv) => boolean)' is not assignable to type '"build" | "serve" | ((this: void, config: import("/Users/tonigutierrez/Desktop/rentikpro funciona/node_modules/vitest/node_modules/vite/dist/node/index").UserConfig, env: import("/Users/tonigutierrez/Desktop/rentikpro funciona/node_modules/vitest/node_modules/vite/dist/node/index").ConfigEnv) => boolean)'.
                Type '(this: void, config: UserConfig, env: ConfigEnv) => boolean' is not assignable to type '"build" | "serve" | ((this: void, config: UserConfig, env: ConfigEnv) => boolean)'.
                  Type '(this: void, config: import("/Users/tonigutierrez/Desktop/rentikpro funciona/node_modules/vite/dist/node/index").UserConfig, env: import("/Users/tonigutierrez/Desktop/rentikpro funciona/node_modules/vite/dist/node/index").ConfigEnv) => boolean' is not assignable to type '(this: void, config: import("/Users/tonigutierrez/Desktop/rentikpro funciona/node_modules/vitest/node_modules/vite/dist/node/index").UserConfig, env: import("/Users/tonigutierrez/Desktop/rentikpro funciona/node_modules/vitest/node_modules/vite/dist/node/index").ConfigEnv) => boolean'.
                    Types of parameters 'config' and 'config' are incompatible.
                      Type 'import("/Users/tonigutierrez/Desktop/rentikpro funciona/node_modules/vitest/node_modules/vite/dist/node/index").UserConfig' is not assignable to type 'import("/Users/tonigutierrez/Desktop/rentikpro funciona/node_modules/vite/dist/node/index").UserConfig'.
                        Types of property 'plugins' are incompatible.
                          Type 'import("/Users/tonigutierrez/Desktop/rentikpro funciona/node_modules/vitest/node_modules/vite/dist/node/index").PluginOption[]' is not assignable to type 'import("/Users/tonigutierrez/Desktop/rentikpro funciona/node_modules/vite/dist/node/index").PluginOption[]'.
                            Type 'import("/Users/tonigutierrez/Desktop/rentikpro funciona/node_modules/vitest/node_modules/vite/dist/node/index").PluginOption' is not assignable to type 'import("/Users/tonigutierrez/Desktop/rentikpro funciona/node_modules/vite/dist/node/index").PluginOption'.
                              Type 'Plugin<any>' is not assignable to type 'PluginOption'.
                                Type 'import("/Users/tonigutierrez/Desktop/rentikpro funciona/node_modules/vitest/node_modules/vite/dist/node/index").Plugin<any>' is not assignable to type 'import("/Users/tonigutierrez/Desktop/rentikpro funciona/node_modules/vite/dist/node/index").Plugin<any>'.
                                  Types of property 'apply' are incompatible.
                                    Type '"build" | "serve" | ((this: void, config: import("/Users/tonigutierrez/Desktop/rentikpro funciona/node_modules/vitest/node_modules/vite/dist/node/index").UserConfig, env: import("/Users/tonigutierrez/Desktop/rentikpro funciona/node_modules/vitest/node_modules/vite/dist/node/index").ConfigEnv) => boolean)' is not assignable to type '"build" | "serve" | ((this: void, config: import("/Users/tonigutierrez/Desktop/rentikpro funciona/node_modules/vite/dist/node/index").UserConfig, env: import("/Users/tonigutierrez/Desktop/rentikpro funciona/node_modules/vite/dist/node/index").ConfigEnv) => boolean)'.
                                      Type '(this: void, config: UserConfig, env: ConfigEnv) => boolean' is not assignable to type '"build" | "serve" | ((this: void, config: UserConfig, env: ConfigEnv) => boolean)'.
                                        Type '(this: void, config: import("/Users/tonigutierrez/Desktop/rentikpro funciona/node_modules/vitest/node_modules/vite/dist/node/index").UserConfig, env: import("/Users/tonigutierrez/Desktop/rentikpro funciona/node_modules/vitest/node_modules/vite/dist/node/index").ConfigEnv) => boolean' is not assignable to type '(this: void, config: import("/Users/tonigutierrez/Desktop/rentikpro funciona/node_modules/vite/dist/node/index").UserConfig, env: import("/Users/tonigutierrez/Desktop/rentikpro funciona/node_modules/vite/dist/node/index").ConfigEnv) => boolean'.
                                          Types of parameters 'config' and 'config' are incompatible.
                                            Type 'import("/Users/tonigutierrez/Desktop/rentikpro funciona/node_modules/vite/dist/node/index").UserConfig' is not assignable to type 'import("/Users/tonigutierrez/Desktop/rentikpro funciona/node_modules/vitest/node_modules/vite/dist/node/index").UserConfig'.
                                              Types of property 'plugins' are incompatible.
                                                Type 'import("/Users/tonigutierrez/Desktop/rentikpro funciona/node_modules/vite/dist/node/index").PluginOption[]' is not assignable to type 'import("/Users/tonigutierrez/Desktop/rentikpro funciona/node_modules/vitest/node_modules/vite/dist/node/index").PluginOption[]'.
                                                  Type 'import("/Users/tonigutierrez/Desktop/rentikpro funciona/node_modules/vite/dist/node/index").PluginOption' is not assignable to type 'import("/Users/tonigutierrez/Desktop/rentikpro funciona/node_modules/vitest/node_modules/vite/dist/node/index").PluginOption'.
                                                    Type 'Promise<false | Plugin<any> | PluginOption[]>' is not assignable to type 'PluginOption'.
                                                      Type 'Promise<false | import("/Users/tonigutierrez/Desktop/rentikpro funciona/node_modules/vite/dist/node/index").Plugin<any> | import("/Users/tonigutierrez/Desktop/rentikpro funciona/node_modules/vite/dist/node/index").PluginOption[]>' is not assignable to type 'Promise<false | import("/Users/tonigutierrez/Desktop/rentikpro funciona/node_modules/vitest/node_modules/vite/dist/node/index").Plugin<any> | import("/Users/tonigutierrez/Desktop/rentikpro funciona/node_modules/vitest/node_modules/vite/dist/node/index").PluginOption[]>'.
                                                        Type 'false | import("/Users/tonigutierrez/Desktop/rentikpro funciona/node_modules/vite/dist/node/index").Plugin<any> | import("/Users/tonigutierrez/Desktop/rentikpro funciona/node_modules/vite/dist/node/index").PluginOption[]' is not assignable to type 'false | import("/Users/tonigutierrez/Desktop/rentikpro funciona/node_modules/vitest/node_modules/vite/dist/node/index").Plugin<any> | import("/Users/tonigutierrez/Desktop/rentikpro funciona/node_modules/vitest/node_modules/vite/dist/node/index").PluginOption[]'.
                                                          Type 'Plugin<any>' is not assignable to type 'false | Plugin<any> | PluginOption[]'.
worker-availability/src/index.ts(13,22): error TS2304: Cannot find name 'KVNamespace'.
worker-availability/src/index.ts(144,9): error TS2304: Cannot find name 'KVNamespace'.
worker-public-availability/src/index.ts(15,22): error TS2304: Cannot find name 'KVNamespace'.
worker-public-availability/src/index.ts(16,22): error TS2304: Cannot find name 'R2Bucket'.
worker-public-availability/src/index.ts(134,35): error TS2304: Cannot find name 'KVNamespace'.
worker-public-availability/src/index.ts(344,51): error TS2304: Cannot find name 'ExecutionContext'.
worker-public-availability/src/index.ts(386,13): error TS2304: Cannot find name 'ExportedHandler'.
worker_ical_export.ts(7,14): error TS2304: Cannot find name 'KVNamespace'.
worker_ical_export.ts(12,50): error TS2304: Cannot find name 'ExecutionContext'.
